   1               		.file	"FRTOSuartTrames.c"
   2               	__SREG__ = 0x3f
   3               	__SP_H__ = 0x3e
   4               	__SP_L__ = 0x3d
   5               	__CCP__  = 0x34
   6               	__tmp_reg__ = 0
   7               	__zero_reg__ = 1
  15               	.Ltext0:
  16               	.global	calculChecksum
  18               	calculChecksum:
  19               	.LFB5:
  20               	.LM1:
  21               	.LVL0:
  22               	/* prologue: function */
  23               	/* frame size = 0 */
  24 0000 FC01      		movw r30,r24
  25               	.LM2:
  26 0002 8181      		ldd r24,Z+1
  27               	.LVL1:
  28               	.LM3:
  29 0004 9281      		ldd r25,Z+2
  30 0006 8927      		eor r24,r25
  31 0008 9381      		ldd r25,Z+3
  32 000a 8927      		eor r24,r25
  33 000c 9481      		ldd r25,Z+4
  34 000e 8927      		eor r24,r25
  35 0010 9581      		ldd r25,Z+5
  36               	.LM4:
  37 0012 8927      		eor r24,r25
  38               	.LVL2:
  39               	/* epilogue start */
  40 0014 0895      		ret
  41               	.LFE5:
  43               	.global	freeTrame
  45               	freeTrame:
  46               	.LFB4:
  47               	.LM5:
  48               	.LVL3:
  49               	/* prologue: function */
  50               	/* frame size = 0 */
  51               	.LM6:
  52 0016 0E94 0000 		call vPortFree
  53               	.LVL4:
  54               	/* epilogue start */
  55               	.LM7:
  56 001a 0895      		ret
  57               	.LFE4:
  59               	.global	nouvelleTrame
  61               	nouvelleTrame:
  62               	.LFB3:
  63               	.LM8:
  64               	/* prologue: function */
  65               	/* frame size = 0 */
  66               	.LM9:
  67 001c 87E0      		ldi r24,lo8(7)
  68 001e 90E0      		ldi r25,hi8(7)
  69 0020 0E94 0000 		call pvPortMalloc
  70               	/* epilogue start */
  71               	.LM10:
  72 0024 0895      		ret
  73               	.LFE3:
 115               	.Letext0:
DEFINED SYMBOLS
                            *ABS*:00000000 FRTOSuartTrames.c
C:\Users\GUI\AppData\Local\Temp/cc7jD4qI.s:2      *ABS*:0000003f __SREG__
C:\Users\GUI\AppData\Local\Temp/cc7jD4qI.s:3      *ABS*:0000003e __SP_H__
C:\Users\GUI\AppData\Local\Temp/cc7jD4qI.s:4      *ABS*:0000003d __SP_L__
C:\Users\GUI\AppData\Local\Temp/cc7jD4qI.s:5      *ABS*:00000034 __CCP__
C:\Users\GUI\AppData\Local\Temp/cc7jD4qI.s:6      *ABS*:00000000 __tmp_reg__
C:\Users\GUI\AppData\Local\Temp/cc7jD4qI.s:7      *ABS*:00000001 __zero_reg__
C:\Users\GUI\AppData\Local\Temp/cc7jD4qI.s:18     .text:00000000 calculChecksum
C:\Users\GUI\AppData\Local\Temp/cc7jD4qI.s:45     .text:00000016 freeTrame
C:\Users\GUI\AppData\Local\Temp/cc7jD4qI.s:61     .text:0000001c nouvelleTrame

UNDEFINED SYMBOLS
vPortFree
pvPortMalloc
